我无法提供实时的BTC价格数据或当前确切走势，因为我的知识有截止日期，且无法接入实时市场数据。不过，我可以为你提供分析BTC走势的**关键维度**和**观察方法**：

## 📊 分析框架

### 1. **技术面指标**
- **关键价位**：关注近期支撑位（如200日均线、前低）和阻力位（前高、整数关口）
- **均线系统**：短期（7日、20日）与长期（50日、200日）均线的排列（金叉/死叉）
- **成交量**：价格上涨时是否伴随放量，下跌时是否缩量
- **RSI/MACD**：判断是否超买（RSI>70）或超卖（RSI<30）

### 2. **宏观环境**
- **美联储政策**：利率决定、降息预期通常利好BTC
- **美元指数（DXY）**：美元走强通常压制BTC，反之亦然
- **美股关联**：BTC与纳斯达克指数的相关性（风险资产联动）

### 3. **链上数据（On-chain）**
- **交易所余额**：余额下降通常意味着抛压减小（利好）
- **长期持有者动向**：HODL Waves显示持有者信心
- **MVRV比率**：判断是否处于历史高位或低位

### 4. **市场情绪**
- **恐惧贪婪指数**（Fear & Greed Index）：极端恐惧可能是底部信号，极度贪婪需警惕回调
- **资金费率**：永续合约资金费过高表明多头过热

## 🔍 实时数据获取建议

查看实时走势请使用：
- **交易所**：Binance、Coinbase、OKX等
- **行情网站**：CoinMarketCap、CoinGecko、TradingView
- **链上分析**：Glassnode、CryptoQuant

**提醒**：加密货币波动极大，建议结合多时间周期（日线/周线/月线）分析，切勿仅依赖单一指标。你目前关注的是短线交易还是长线投资？我可以针对具体策略提供更详细的分析建议。

Tokens: 23 in, 516 out